{"id": "pic/ingredient/sugar", "ok": true, "sec": 43.1, "attempt": 1, "err": ""}
{"id": "pic/ingredient/water", "ok": true, "sec": 44.3, "attempt": 1, "err": ""}
{"id": "pic/ingredient/milk", "ok": true, "sec": 48.5, "attempt": 1, "err": ""}
{"id": "pic/ingredient/ice", "ok": true, "sec": 55.9, "attempt": 1, "err": ""}
{"id": "pic/ingredient/flour", "ok": true, "sec": 42.6, "attempt": 1, "err": ""}
{"id": "pic/ingredient/egg", "ok": true, "sec": 42.2, "attempt": 1, "err": ""}
{"id": "pic/ingredient/orange_fruit", "ok": true, "sec": 43.3, "attempt": 1, "err": ""}
{"id": "pic/ingredient/butter", "ok": true, "sec": 46.6, "attempt": 1, "err": ""}
{"id": "pic/ingredient/vanilla", "ok": true, "sec": 41.9, "attempt": 1, "err": ""}
{"id": "pic/ingredient/chocolate_bar", "ok": true, "sec": 50.9, "attempt": 1, "err": ""}
{"id": "pic/ingredient/milk", "ok": true, "sec": 44.0, "attempt": 1, "err": ""}
{"id": "pic/ingredient/sugar", "ok": true, "sec": 46.2, "attempt": 1, "err": ""}
{"id": "pic/ingredient/ice", "ok": true, "sec": 48.7, "attempt": 1, "err": ""}
{"id": "pic/ingredient/water", "ok": true, "sec": 53.7, "attempt": 1, "err": ""}
{"id": "pic/ingredient/orange_fruit", "ok": true, "sec": 48.0, "attempt": 1, "err": ""}
{"id": "pic/ingredient/flour", "ok": true, "sec": 50.4, "attempt": 1, "err": ""}
{"id": "pic/ingredient/cream", "ok": true, "sec": 49.4, "attempt": 1, "err": ""}
{"id": "pic/ingredient/butter", "ok": true, "sec": 65.5, "attempt": 1, "err": ""}
{"id": "pic/ingredient/chocolate_bar", "ok": true, "sec": 47.8, "attempt": 1, "err": ""}
{"id": "pic/ingredient/vanilla", "ok": true, "sec": 51.6, "attempt": 1, "err": ""}
{"id": "pic/ingredient/coffee_bean", "ok": true, "sec": 46.6, "attempt": 1, "err": ""}
{"id": "pic/ingredient/tea_leaf", "ok": true, "sec": 53.0, "attempt": 1, "err": ""}
{"id": "pic/ingredient/cheese", "ok": true, "sec": 45.0, "attempt": 1, "err": ""}
{"id": "pic/ingredient/chicken", "ok": true, "sec": 47.5, "attempt": 1, "err": ""}
{"id": "pic/ingredient/beef", "ok": true, "sec": 50.3, "attempt": 1, "err": ""}
{"id": "pic/ingredient/pork", "ok": true, "sec": 52.9, "attempt": 1, "err": ""}
{"id": "pic/ingredient/shrimp", "ok": true, "sec": 47.2, "attempt": 1, "err": ""}
{"id": "pic/ingredient/salmon", "ok": true, "sec": 49.0, "attempt": 1, "err": ""}
{"id": "pic/ingredient/rice", "ok": true, "sec": 44.7, "attempt": 1, "err": ""}
{"id": "pic/ingredient/tuna", "ok": true, "sec": 71.9, "attempt": 1, "err": ""}
{"id": "pic/ingredient/seaweed", "ok": true, "sec": 45.2, "attempt": 1, "err": ""}
{"id": "pic/ingredient/tomato", "ok": true, "sec": 45.1, "attempt": 1, "err": ""}
{"id": "pic/ingredient/potato", "ok": true, "sec": 48.2, "attempt": 1, "err": ""}
{"id": "pic/ingredient/honey_jar", "ok": true, "sec": 49.8, "attempt": 1, "err": ""}
{"id": "pic/ingredient/matcha", "ok": true, "sec": 44.2, "attempt": 1, "err": ""}
{"id": "pic/ingredient/hazelnut", "ok": true, "sec": 44.5, "attempt": 1, "err": ""}
{"id": "pic/ingredient/banana_fruit", "ok": true, "sec": 45.4, "attempt": 1, "err": ""}
{"id": "pic/ingredient/melon_fruit", "ok": true, "sec": 53.5, "attempt": 1, "err": ""}
{"id": "pic/ingredient/grapefruit_fruit", "ok": true, "sec": 52.6, "attempt": 1, "err": ""}
{"id": "pic/ingredient/peach_fruit", "ok": true, "sec": 69.7, "attempt": 1, "err": ""}
{"id": "pic/ingredient/kiwi_fruit", "ok": true, "sec": 55.3, "attempt": 1, "err": ""}
{"id": "pic/ingredient/mango", "ok": true, "sec": 51.4, "attempt": 1, "err": ""}
{"id": "pic/ingredient/coconut_milk", "ok": true, "sec": 50.0, "attempt": 1, "err": ""}
{"id": "pic/ingredient/soda_water", "ok": true, "sec": 47.3, "attempt": 1, "err": ""}
{"id": "pic/ingredient/curry_powder", "ok": true, "sec": 51.4, "attempt": 1, "err": ""}
{"id": "pic/ingredient/soy_sauce", "ok": true, "sec": 55.5, "attempt": 1, "err": ""}
{"id": "pic/ingredient/mayonnaise", "ok": true, "sec": 46.4, "attempt": 1, "err": ""}
{"id": "pic/ingredient/truffle", "ok": true, "sec": 77.2, "attempt": 1, "err": ""}
{"id": "pic/ingredient/corn", "ok": true, "sec": 51.4, "attempt": 1, "err": ""}
{"id": "pic/ingredient/noodle", "ok": true, "sec": 46.3, "attempt": 1, "err": ""}
{"id": "pic/ingredient/cabbage", "ok": true, "sec": 54.4, "attempt": 1, "err": ""}
{"id": "pic/ingredient/octopus", "ok": true, "sec": 46.5, "attempt": 1, "err": ""}
{"id": "pic/ingredient/squid", "ok": true, "sec": 52.7, "attempt": 1, "err": ""}
{"id": "pic/ingredient/watermelon_fruit", "ok": true, "sec": 48.0, "attempt": 1, "err": ""}
{"id": "pic/ingredient/dragonfruit", "ok": true, "sec": 51.9, "attempt": 1, "err": ""}
{"id": "pic/ingredient/papaya", "ok": true, "sec": 46.7, "attempt": 1, "err": ""}
{"id": "pic/ingredient/pineapple_fruit", "ok": true, "sec": 50.7, "attempt": 1, "err": ""}
{"id": "pic/ingredient/blueberry_fruit", "ok": true, "sec": 52.9, "attempt": 1, "err": ""}
{"id": "pic/ingredient/raspberry_fruit", "ok": true, "sec": 52.0, "attempt": 1, "err": ""}
{"id": "pic/ingredient/grape_fruit", "ok": true, "sec": 53.2, "attempt": 1, "err": ""}
{"id": "pic/ingredient/chestnut", "ok": true, "sec": 51.5, "attempt": 1, "err": ""}
{"id": "pic/ingredient/caramel", "ok": true, "sec": 59.8, "attempt": 1, "err": ""}
{"id": "pic/ingredient/bbq_sauce", "ok": true, "sec": 47.7, "attempt": 1, "err": ""}
{"id": "pic/ingredient/olive_oil", "ok": true, "sec": 80.2, "attempt": 1, "err": ""}
{"id": "pic/ingredient/charcoal", "ok": true, "sec": 50.0, "attempt": 1, "err": ""}
{"id": "pic/ingredient/almond", "ok": true, "sec": 48.5, "attempt": 1, "err": ""}
{"id": "pic/ingredient/fish_cake", "ok": true, "sec": 51.5, "attempt": 1, "err": ""}
{"id": "pic/ingredient/gold_leaf", "ok": true, "sec": 56.7, "attempt": 1, "err": ""}
{"id": "pic/ingredient/gochujang", "ok": true, "sec": 52.4, "attempt": 1, "err": ""}
{"id": "pic/ingredient/tteok", "ok": true, "sec": 53.3, "attempt": 1, "err": ""}
{"id": "pic/ingredient/red_bean", "ok": true, "sec": 51.7, "attempt": 1, "err": ""}
{"id": "pic/ingredient/misugaru", "ok": true, "sec": 50.5, "attempt": 1, "err": ""}
{"id": "pic/ingredient/ramyeon", "ok": true, "sec": 55.5, "attempt": 1, "err": ""}
{"id": "pic/ingredient/silkworm", "ok": true, "sec": 48.3, "attempt": 1, "err": ""}
{"id": "pic/ingredient/malt", "ok": true, "sec": 45.4, "attempt": 1, "err": ""}
{"id": "pic/ingredient/smelt", "ok": true, "sec": 49.3, "attempt": 1, "err": ""}
{"id": "pic/ingredient/persimmon", "ok": true, "sec": 47.8, "attempt": 1, "err": ""}
{"id": "pic/recipe/lemonade", "ok": true, "sec": 52.5, "attempt": 1, "err": ""}
{"id": "pic/recipe/orange_ade", "ok": true, "sec": 53.3, "attempt": 1, "err": ""}
{"id": "pic/recipe/orange_juice", "ok": true, "sec": 58.5, "attempt": 1, "err": ""}
{"id": "pic/recipe/ice_water", "ok": true, "sec": 78.9, "attempt": 1, "err": ""}
{"id": "pic/recipe/egg_bread", "ok": true, "sec": 56.4, "attempt": 1, "err": ""}
{"id": "pic/recipe/pancake", "ok": true, "sec": 51.1, "attempt": 1, "err": ""}
{"id": "pic/recipe/strawberry_milk", "ok": true, "sec": 59.3, "attempt": 1, "err": ""}
{"id": "pic/recipe/milkshake", "ok": true, "sec": 76.6, "attempt": 1, "err": ""}
{"id": "pic/recipe/churros", "ok": true, "sec": 49.8, "attempt": 1, "err": ""}
{"id": "pic/recipe/french_toast", "ok": true, "sec": 52.0, "attempt": 1, "err": ""}
{"id": "pic/recipe/donut", "ok": true, "sec": 54.1, "attempt": 1, "err": ""}
{"id": "pic/recipe/crepe", "ok": true, "sec": 55.2, "attempt": 1, "err": ""}
{"id": "pic/recipe/egg_sandwich", "ok": true, "sec": 48.0, "attempt": 1, "err": ""}
{"id": "pic/recipe/omelet", "ok": true, "sec": 55.8, "attempt": 1, "err": ""}
{"id": "pic/recipe/snow_cone", "ok": true, "sec": 55.7, "attempt": 1, "err": ""}
{"id": "pic/recipe/strawberry_sorbet", "ok": true, "sec": 54.5, "attempt": 1, "err": ""}
{"id": "pic/recipe/lemon_shaved_ice", "ok": true, "sec": 51.4, "attempt": 1, "err": ""}
{"id": "pic/recipe/orange_sorbet", "ok": true, "sec": 49.6, "attempt": 1, "err": ""}
{"id": "pic/recipe/milk_pudding", "ok": true, "sec": 53.9, "attempt": 1, "err": ""}
{"id": "pic/recipe/fruit_crepe", "ok": true, "sec": 67.0, "attempt": 1, "err": ""}
{"id": "pic/recipe/iced_coffee", "ok": true, "sec": 55.6, "attempt": 1, "err": ""}
{"id": "pic/recipe/cafe_latte", "ok": true, "sec": 54.2, "attempt": 1, "err": ""}
{"id": "pic/recipe/milk_tea", "ok": true, "sec": 63.4, "attempt": 1, "err": ""}
{"id": "pic/recipe/banana_milk", "ok": true, "sec": 56.8, "attempt": 1, "err": ""}
{"id": "pic/recipe/strawberry_smoothie", "ok": true, "sec": 52.2, "attempt": 1, "err": ""}
{"id": "pic/recipe/matcha_latte", "ok": true, "sec": 57.5, "attempt": 1, "err": ""}
{"id": "pic/recipe/melon_soda", "ok": true, "sec": 50.6, "attempt": 1, "err": ""}
{"id": "pic/recipe/tropical_juice", "ok": true, "sec": 52.0, "attempt": 1, "err": ""}
{"id": "pic/recipe/grapefruit_ade", "ok": true, "sec": 58.5, "attempt": 1, "err": ""}
{"id": "pic/recipe/butter_cookie", "ok": true, "sec": 53.7, "attempt": 1, "err": ""}
{"id": "pic/recipe/chocolate_crepe", "ok": true, "sec": 69.1, "attempt": 1, "err": ""}
{"id": "pic/recipe/fries", "ok": true, "sec": 51.4, "attempt": 1, "err": ""}
{"id": "pic/recipe/croissant", "ok": true, "sec": 54.6, "attempt": 1, "err": ""}
{"id": "pic/recipe/chicken_nugget", "ok": true, "sec": 55.7, "attempt": 1, "err": ""}
{"id": "pic/recipe/hot_dog", "ok": true, "sec": 75.1, "attempt": 1, "err": ""}
{"id": "pic/recipe/seafood_tempura", "ok": true, "sec": 54.1, "attempt": 1, "err": ""}
{"id": "pic/recipe/cheese_stick", "ok": true, "sec": 52.6, "attempt": 1, "err": ""}
{"id": "pic/recipe/potato_pancake", "ok": true, "sec": 56.4, "attempt": 1, "err": ""}
{"id": "pic/recipe/salmon_sushi", "ok": true, "sec": 50.4, "attempt": 1, "err": ""}
{"id": "pic/recipe/tuna_sushi", "ok": true, "sec": 57.3, "attempt": 1, "err": ""}
{"id": "pic/recipe/gimbap", "ok": true, "sec": 62.3, "attempt": 1, "err": ""}
{"id": "pic/recipe/omurice", "ok": true, "sec": 48.4, "attempt": 1, "err": ""}
{"id": "pic/recipe/tonkatsu", "ok": true, "sec": 47.9, "attempt": 1, "err": ""}
{"id": "pic/recipe/cheeseburger", "ok": true, "sec": 44.5, "attempt": 1, "err": ""}
{"id": "pic/recipe/seafood_fried_rice", "ok": true, "sec": 75.8, "attempt": 1, "err": ""}
{"id": "pic/recipe/curry_rice", "ok": true, "sec": 48.7, "attempt": 1, "err": ""}
{"id": "pic/recipe/soy_chicken", "ok": true, "sec": 53.1, "attempt": 1, "err": ""}
{"id": "pic/recipe/vanilla_ice_cream", "ok": true, "sec": 50.7, "attempt": 1, "err": ""}
{"id": "pic/recipe/truffle_risotto", "ok": true, "sec": 51.3, "attempt": 1, "err": ""}
{"id": "pic/recipe/choco_mint_ice_cream", "ok": true, "sec": 50.8, "attempt": 1, "err": ""}
{"id": "pic/recipe/matcha_shaved_ice", "ok": true, "sec": 44.9, "attempt": 1, "err": ""}
{"id": "pic/recipe/affogato", "ok": true, "sec": 54.9, "attempt": 1, "err": ""}
{"id": "pic/recipe/mango_shaved_ice", "ok": true, "sec": 55.9, "attempt": 1, "err": ""}
{"id": "pic/recipe/fruit_sorbet", "ok": true, "sec": 52.7, "attempt": 1, "err": ""}
{"id": "pic/recipe/strawberry_cake", "ok": true, "sec": 54.9, "attempt": 1, "err": ""}
{"id": "pic/recipe/cheesecake", "ok": true, "sec": 45.6, "attempt": 1, "err": ""}
{"id": "pic/recipe/chocolate_cake", "ok": true, "sec": 54.4, "attempt": 1, "err": ""}
{"id": "pic/recipe/honey_toast", "ok": true, "sec": 48.5, "attempt": 1, "err": ""}
{"id": "pic/recipe/peach_tart", "ok": true, "sec": 49.4, "attempt": 1, "err": ""}
{"id": "pic/recipe/hazelnut_chocolate", "ok": true, "sec": 55.2, "attempt": 1, "err": ""}
{"id": "pic/recipe/grapefruit_juice", "ok": true, "sec": 46.3, "attempt": 1, "err": ""}
{"id": "pic/recipe/grape_juice", "ok": true, "sec": 52.9, "attempt": 1, "err": ""}
{"id": "pic/recipe/watermelon_juice", "ok": true, "sec": 44.1, "attempt": 1, "err": ""}
{"id": "pic/recipe/papaya_juice", "ok": true, "sec": 44.6, "attempt": 1, "err": ""}
{"id": "pic/recipe/dragonfruit_juice", "ok": true, "sec": 49.5, "attempt": 1, "err": ""}
{"id": "pic/recipe/banana_juice", "ok": true, "sec": 44.4, "attempt": 1, "err": ""}
{"id": "pic/recipe/pineapple_juice", "ok": true, "sec": 53.8, "attempt": 1, "err": ""}
{"id": "pic/recipe/blueberry_juice", "ok": true, "sec": 51.2, "attempt": 1, "err": ""}
{"id": "pic/recipe/raspberry_juice", "ok": true, "sec": 48.5, "attempt": 1, "err": ""}
{"id": "pic/recipe/peach_juice", "ok": true, "sec": 46.4, "attempt": 1, "err": ""}
{"id": "pic/recipe/kiwi_juice", "ok": true, "sec": 49.0, "attempt": 1, "err": ""}
{"id": "pic/recipe/grape_soda", "ok": true, "sec": 49.7, "attempt": 1, "err": ""}
{"id": "pic/recipe/coconut_water", "ok": true, "sec": 52.4, "attempt": 1, "err": ""}
{"id": "pic/recipe/fruit_soda", "ok": true, "sec": 51.7, "attempt": 1, "err": ""}
{"id": "pic/recipe/watermelon_soda", "ok": true, "sec": 54.8, "attempt": 1, "err": ""}
{"id": "pic/recipe/mixed_fruit_juice", "ok": true, "sec": 52.7, "attempt": 1, "err": ""}
{"id": "pic/recipe/ramune", "ok": true, "sec": 52.3, "attempt": 1, "err": ""}
{"id": "pic/recipe/canned_coffee", "ok": true, "sec": 49.2, "attempt": 1, "err": ""}
{"id": "pic/recipe/green_smoothie", "ok": true, "sec": 46.1, "attempt": 1, "err": ""}
{"id": "pic/recipe/cream_soda", "ok": true, "sec": 49.8, "attempt": 1, "err": ""}
{"id": "pic/recipe/egg_crepe", "ok": true, "sec": 56.9, "attempt": 1, "err": ""}
{"id": "pic/recipe/chicken_crepe", "ok": true, "sec": 52.8, "attempt": 1, "err": ""}
{"id": "pic/recipe/tuna_mayo_crepe", "ok": true, "sec": 46.4, "attempt": 1, "err": ""}
{"id": "pic/recipe/hazelnut_bun", "ok": true, "sec": 51.5, "attempt": 1, "err": ""}
{"id": "pic/recipe/melon_bun", "ok": true, "sec": 71.2, "attempt": 1, "err": ""}
{"id": "pic/recipe/pain_au_chocolat", "ok": true, "sec": 58.5, "attempt": 1, "err": ""}
{"id": "pic/recipe/sandwich", "ok": true, "sec": 50.1, "attempt": 1, "err": ""}
{"id": "pic/recipe/curry_bun", "ok": true, "sec": 49.5, "attempt": 1, "err": ""}
{"id": "pic/recipe/kairo_bun", "ok": true, "sec": 43.5, "attempt": 1, "err": ""}
{"id": "pic/recipe/kumax_bun", "ok": true, "sec": 47.8, "attempt": 1, "err": ""}
{"id": "pic/recipe/taco", "ok": true, "sec": 48.2, "attempt": 1, "err": ""}
{"id": "pic/recipe/hamburger", "ok": true, "sec": 50.6, "attempt": 1, "err": ""}
{"id": "pic/recipe/fried_chicken", "ok": true, "sec": 46.7, "attempt": 1, "err": ""}
{"id": "pic/recipe/corn_dog", "ok": true, "sec": 49.1, "attempt": 1, "err": ""}
{"id": "pic/recipe/fried_calamari", "ok": true, "sec": 56.4, "attempt": 1, "err": ""}
{"id": "pic/recipe/steamed_pork_bun", "ok": true, "sec": 73.3, "attempt": 1, "err": ""}
{"id": "pic/recipe/corn_on_cob", "ok": true, "sec": 45.0, "attempt": 1, "err": ""}
{"id": "pic/recipe/chicken_kebab", "ok": true, "sec": 48.2, "attempt": 1, "err": ""}
{"id": "pic/recipe/popcorn", "ok": true, "sec": 45.7, "attempt": 1, "err": ""}
{"id": "pic/recipe/salmon_rice_ball", "ok": true, "sec": 50.3, "attempt": 1, "err": ""}
{"id": "pic/recipe/caramel_popcorn", "ok": true, "sec": 48.5, "attempt": 1, "err": ""}
{"id": "pic/recipe/caesar_salad", "ok": true, "sec": 52.7, "attempt": 1, "err": ""}
{"id": "pic/recipe/fruit_salad", "ok": true, "sec": 50.4, "attempt": 1, "err": ""}
{"id": "pic/recipe/octopus_fritters", "ok": true, "sec": 50.8, "attempt": 1, "err": ""}
{"id": "pic/recipe/almond_cookie", "ok": true, "sec": 50.7, "attempt": 1, "err": ""}
{"id": "pic/recipe/bbq_kebab", "ok": true, "sec": 48.3, "attempt": 1, "err": ""}
{"id": "pic/recipe/bone_in_roast", "ok": true, "sec": 48.5, "attempt": 1, "err": ""}
{"id": "pic/recipe/seafood_curry", "ok": true, "sec": 51.0, "attempt": 1, "err": ""}
{"id": "pic/recipe/beefsteak", "ok": true, "sec": 43.6, "attempt": 1, "err": ""}
{"id": "pic/recipe/beef_veg_rice", "ok": true, "sec": 74.0, "attempt": 1, "err": ""}
{"id": "pic/recipe/margherita_pizza", "ok": true, "sec": 46.6, "attempt": 1, "err": ""}
{"id": "pic/recipe/tropical_pizza", "ok": true, "sec": 48.1, "attempt": 1, "err": ""}
{"id": "pic/recipe/seafood_pizza", "ok": true, "sec": 64.2, "attempt": 1, "err": ""}
{"id": "pic/recipe/meat_pie", "ok": true, "sec": 49.0, "attempt": 1, "err": ""}
{"id": "pic/recipe/fried_noodles", "ok": true, "sec": 47.0, "attempt": 1, "err": ""}
{"id": "pic/recipe/boiled_noodles", "ok": true, "sec": 49.5, "attempt": 1, "err": ""}
{"id": "pic/recipe/hot_pot", "ok": true, "sec": 50.9, "attempt": 1, "err": ""}
{"id": "pic/recipe/stir_fry_rice", "ok": true, "sec": 76.4, "attempt": 1, "err": ""}
{"id": "pic/recipe/squid_sushi", "ok": true, "sec": 47.0, "attempt": 1, "err": ""}
{"id": "pic/recipe/soy_ramen", "ok": true, "sec": 78.2, "attempt": 1, "err": ""}
{"id": "pic/recipe/sushi_set", "ok": true, "sec": 47.6, "attempt": 1, "err": ""}
{"id": "pic/recipe/octopus_sushi", "ok": true, "sec": 71.9, "attempt": 1, "err": ""}
{"id": "pic/recipe/kairobot_toast", "ok": true, "sec": 57.9, "attempt": 1, "err": ""}
{"id": "pic/recipe/soda_popsicle", "ok": true, "sec": 51.9, "attempt": 1, "err": ""}
{"id": "pic/recipe/chocolate_ice_cream", "ok": true, "sec": 47.7, "attempt": 1, "err": ""}
{"id": "pic/recipe/fruit_popsicle", "ok": true, "sec": 71.4, "attempt": 1, "err": ""}
{"id": "pic/recipe/matcha_ice_cream", "ok": true, "sec": 49.5, "attempt": 1, "err": ""}
{"id": "pic/recipe/coffee_soft_serve", "ok": true, "sec": 51.7, "attempt": 1, "err": ""}
{"id": "pic/recipe/deluxe_crepe", "ok": true, "sec": 61.8, "attempt": 1, "err": ""}
{"id": "pic/recipe/chocolate_donut", "ok": true, "sec": 50.2, "attempt": 1, "err": ""}
{"id": "pic/recipe/matcha_hazelnut_crepe", "ok": true, "sec": 70.1, "attempt": 1, "err": ""}
{"id": "pic/recipe/blue_hawaii_snow_cone", "ok": true, "sec": 52.4, "attempt": 1, "err": ""}
{"id": "pic/recipe/oriental_sundae", "ok": true, "sec": 46.3, "attempt": 1, "err": ""}
{"id": "pic/recipe/rainbow_snow_cone", "ok": true, "sec": 57.9, "attempt": 1, "err": ""}
{"id": "pic/recipe/strawberry_sundae", "ok": true, "sec": 54.4, "attempt": 1, "err": ""}
{"id": "pic/recipe/chestnut_cream_cake", "ok": true, "sec": 53.9, "attempt": 1, "err": ""}
{"id": "pic/recipe/raspberry_tart", "ok": true, "sec": 47.9, "attempt": 1, "err": ""}
{"id": "pic/recipe/kairobot_pudding", "ok": true, "sec": 50.1, "attempt": 1, "err": ""}
{"id": "pic/recipe/kairobot_parfait", "ok": true, "sec": 54.1, "attempt": 1, "err": ""}
{"id": "pic/recipe/dragonfruit_sorbet", "ok": true, "sec": 75.5, "attempt": 1, "err": ""}
{"id": "pic/recipe/veg_scraps", "ok": true, "sec": 52.5, "attempt": 1, "err": ""}
{"id": "pic/recipe/burnt_bread", "ok": true, "sec": 52.4, "attempt": 1, "err": ""}
{"id": "pic/recipe/tsukune", "ok": true, "sec": 48.5, "attempt": 1, "err": ""}
{"id": "pic/recipe/mystery_juice", "ok": true, "sec": 51.8, "attempt": 1, "err": ""}
{"id": "pic/recipe/sikhye", "ok": true, "sec": 56.1, "attempt": 1, "err": ""}
{"id": "pic/recipe/misugaru_shake", "ok": true, "sec": 51.0, "attempt": 1, "err": ""}
{"id": "pic/recipe/sujeonggwa", "ok": true, "sec": 48.5, "attempt": 1, "err": ""}
{"id": "pic/recipe/iced_americano", "ok": true, "sec": 46.7, "attempt": 1, "err": ""}
{"id": "pic/recipe/slush", "ok": true, "sec": 46.1, "attempt": 1, "err": ""}
{"id": "pic/recipe/corn_tea", "ok": true, "sec": 43.5, "attempt": 1, "err": ""}
{"id": "pic/recipe/dalgona_latte", "ok": true, "sec": 67.9, "attempt": 1, "err": ""}
{"id": "pic/recipe/persimmon_smoothie", "ok": true, "sec": 59.0, "attempt": 1, "err": ""}
{"id": "pic/recipe/fish_cake_skewer", "ok": true, "sec": 49.5, "attempt": 1, "err": ""}
{"id": "pic/recipe/watermelon_hwachae", "ok": true, "sec": 70.6, "attempt": 1, "err": ""}
{"id": "pic/recipe/hotteok", "ok": true, "sec": 45.9, "attempt": 1, "err": ""}
{"id": "pic/recipe/bungeoppang", "ok": true, "sec": 69.5, "attempt": 1, "err": ""}
{"id": "pic/recipe/tteokbokki", "ok": true, "sec": 51.6, "attempt": 1, "err": ""}
{"id": "pic/recipe/sotteok", "ok": true, "sec": 50.8, "attempt": 1, "err": ""}
{"id": "pic/recipe/hotbar", "ok": true, "sec": 52.6, "attempt": 1, "err": ""}
{"id": "pic/recipe/smelt_fry", "ok": true, "sec": 48.8, "attempt": 1, "err": ""}
{"id": "pic/recipe/beondegi", "ok": true, "sec": 47.1, "attempt": 1, "err": ""}
{"id": "pic/recipe/ramyeon_soup", "ok": true, "sec": 48.4, "attempt": 1, "err": ""}
{"id": "pic/recipe/cup_ramyeon", "ok": true, "sec": 47.0, "attempt": 1, "err": ""}
{"id": "pic/recipe/grilled_squid", "ok": true, "sec": 73.8, "attempt": 1, "err": ""}
{"id": "pic/recipe/sujebi", "ok": true, "sec": 53.8, "attempt": 1, "err": ""}
{"id": "pic/recipe/maeuntang", "ok": true, "sec": 48.2, "attempt": 1, "err": ""}
{"id": "pic/recipe/pajeon", "ok": true, "sec": 52.2, "attempt": 1, "err": ""}
{"id": "pic/recipe/mulhoe", "ok": true, "sec": 64.6, "attempt": 1, "err": ""}
{"id": "pic/recipe/samgyeopsal", "ok": true, "sec": 48.4, "attempt": 1, "err": ""}
{"id": "pic/recipe/dakgalbi", "ok": true, "sec": 52.5, "attempt": 1, "err": ""}
{"id": "pic/recipe/patbingsu", "ok": true, "sec": 48.9, "attempt": 1, "err": ""}
{"id": "pic/recipe/ice_persimmon", "ok": true, "sec": 56.5, "attempt": 1, "err": ""}
{"id": "pic/recipe/bibim_guksu", "ok": true, "sec": 61.8, "attempt": 1, "err": ""}
{"id": "pic/recipe/injeolmi_bingsu", "ok": true, "sec": 54.9, "attempt": 1, "err": ""}
{"id": "pic/recipe/dalgona", "ok": true, "sec": 50.2, "attempt": 1, "err": ""}
{"id": "pic/recipe/red_bean_porridge", "ok": true, "sec": 49.8, "attempt": 1, "err": ""}
{"id": "pic/recipe/melon_ice_bar", "ok": true, "sec": 58.1, "attempt": 1, "err": ""}
{"id": "pic/recipe/corn_ice_bar", "ok": true, "sec": 47.2, "attempt": 1, "err": ""}
{"id": "pic/part/pump_motor", "ok": true, "sec": 47.8, "attempt": 1, "err": ""}
{"id": "pic/recipe/yakgwa", "ok": true, "sec": 78.2, "attempt": 1, "err": ""}
{"id": "pic/part/waterproof_canvas", "ok": true, "sec": 49.4, "attempt": 1, "err": ""}
{"id": "pic/recipe/strawberry_mochi", "ok": true, "sec": 79.1, "attempt": 1, "err": ""}
{"id": "pic/part/anchor_chain", "ok": true, "sec": 48.7, "attempt": 1, "err": ""}
{"id": "pic/part/safety_net", "ok": true, "sec": 51.1, "attempt": 1, "err": ""}
{"id": "pic/part/slip_wax", "ok": true, "sec": 44.9, "attempt": 1, "err": ""}
{"id": "pic/part/twin_saddle", "ok": true, "sec": 74.9, "attempt": 1, "err": ""}
{"id": "pic/part/led_strip_buoy", "ok": true, "sec": 49.0, "attempt": 1, "err": ""}
{"id": "pic/part/float_drum", "ok": true, "sec": 46.2, "attempt": 1, "err": ""}
{"id": "pic/part/spray_nozzle", "ok": true, "sec": 61.1, "attempt": 1, "err": ""}
{"id": "pic/part/mooring_rope", "ok": true, "sec": 66.2, "attempt": 1, "err": ""}
{"id": "pic/part/speaker_horn", "ok": true, "sec": 86.5, "attempt": 1, "err": ""}
{"id": "pic/part/spin_bearing", "ok": true, "sec": 54.2, "attempt": 1, "err": ""}
{"id": "pic/part/ramp_deck", "ok": true, "sec": 80.5, "attempt": 1, "err": ""}
{"id": "pic/gear/peanut", "ok": true, "sec": 58.1, "attempt": 1, "err": ""}
{"id": "pic/gear/jjinppang", "ok": true, "sec": 54.9, "attempt": 1, "err": ""}
{"id": "pic/gear/banana", "ok": true, "sec": 52.5, "attempt": 1, "err": ""}
{"id": "pic/gear/honeycomb", "ok": true, "sec": 56.4, "attempt": 1, "err": ""}
{"id": "pic/gear/flyduck", "ok": true, "sec": 57.7, "attempt": 1, "err": ""}
{"id": "pic/gear/hexa", "ok": true, "sec": 63.2, "attempt": 1, "err": ""}
{"id": "pic/gear/turbo_turtle", "ok": true, "sec": 70.2, "attempt": 1, "err": ""}
{"id": "pic/gear/lotus", "ok": true, "sec": 95.8, "attempt": 1, "err": ""}
{"id": "pic/gear/swing", "ok": true, "sec": 59.4, "attempt": 1, "err": ""}
{"id": "pic/gear/wagon", "ok": true, "sec": 88.7, "attempt": 1, "err": ""}
{"id": "pic/gear/spinpang", "ok": true, "sec": 86.5, "attempt": 1, "err": ""}
{"id": "pic/gear/dancing", "ok": true, "sec": 61.1, "attempt": 1, "err": ""}
{"id": "pic/gear/twinpang", "ok": true, "sec": 74.9, "attempt": 1, "err": ""}
{"id": "pic/gear/flyfish", "ok": true, "sec": 63.1, "attempt": 1, "err": ""}
{"id": "pic/gear/skyfly", "ok": true, "sec": 62.0, "attempt": 1, "err": ""}
{"id": "pic/gear/jetski", "ok": true, "sec": 60.5, "attempt": 1, "err": ""}
{"id": "pic/gear/jetboat", "ok": true, "sec": 68.7, "attempt": 1, "err": ""}
{"id": "pic/gear/wakeboard", "ok": true, "sec": 69.5, "attempt": 1, "err": ""}
{"id": "pic/gear/waterski", "ok": true, "sec": 54.0, "attempt": 1, "err": ""}
{"id": "pic/gear/flycarpet", "ok": true, "sec": 56.2, "attempt": 1, "err": ""}
{"id": "pic/gear/sofa_boat", "ok": true, "sec": 67.8, "attempt": 1, "err": ""}
{"id": "pic/gear/discopang", "ok": true, "sec": 58.5, "attempt": 1, "err": ""}
{"id": "pic/gear/rocket_tube", "ok": true, "sec": 65.8, "attempt": 1, "err": ""}
{"id": "pic/gear/blobjump", "ok": true, "sec": 53.4, "attempt": 1, "err": ""}
{"id": "pic/gear/water_roller", "ok": true, "sec": 57.3, "attempt": 1, "err": ""}
{"id": "pic/gear/watersled", "ok": true, "sec": 57.3, "attempt": 1, "err": ""}
{"id": "pic/gear/kneeboard", "ok": true, "sec": 60.4, "attempt": 1, "err": ""}
{"id": "pic/gear/air_chair", "ok": true, "sec": 55.0, "attempt": 1, "err": ""}
{"id": "pic/gear/marine_jet", "ok": true, "sec": 60.5, "attempt": 1, "err": ""}
{"id": "pic/gear/hydrofoil", "ok": true, "sec": 54.6, "attempt": 1, "err": ""}
{"id": "pic/gear/tangled_rope", "ok": true, "sec": 55.3, "attempt": 1, "err": ""}
{"id": "pic/gear/flat_tube", "ok": true, "sec": 91.0, "attempt": 1, "err": ""}
{"id": "pic/gear/sunk_board", "ok": true, "sec": 85.6, "attempt": 1, "err": ""}
{"id": "pic/item/strawberry", "ok": true, "sec": 80.3, "attempt": 1, "err": ""}
{"id": "pic/item/lemon", "ok": true, "sec": 51.5, "attempt": 1, "err": ""}
{"id": "pic/item/chocolate", "ok": true, "sec": 87.1, "attempt": 1, "err": ""}
{"id": "pic/item/apple", "ok": true, "sec": 76.4, "attempt": 1, "err": ""}
{"id": "pic/item/peach", "ok": true, "sec": 57.3, "attempt": 1, "err": ""}
{"id": "pic/item/blueberry", "ok": true, "sec": 74.1, "attempt": 1, "err": ""}
{"id": "pic/item/grapes", "ok": true, "sec": 82.5, "attempt": 1, "err": ""}
{"id": "pic/item/grapefruit", "ok": true, "sec": 55.3, "attempt": 1, "err": ""}
{"id": "pic/item/kiwi", "ok": true, "sec": 81.0, "attempt": 1, "err": ""}
{"id": "pic/item/melon", "ok": true, "sec": 90.8, "attempt": 1, "err": ""}
{"id": "pic/item/pineapple", "ok": true, "sec": 51.4, "attempt": 1, "err": ""}
{"id": "pic/item/coconut", "ok": true, "sec": 51.7, "attempt": 1, "err": ""}
{"id": "pic/item/milk", "ok": true, "sec": 49.5, "attempt": 1, "err": ""}
{"id": "pic/item/mint", "ok": true, "sec": 54.6, "attempt": 1, "err": ""}
{"id": "pic/item/ice_block", "ok": true, "sec": 55.7, "attempt": 1, "err": ""}
{"id": "pic/item/coffee_beans", "ok": true, "sec": 80.3, "attempt": 1, "err": ""}
{"id": "pic/item/bath_salt", "ok": true, "sec": 53.2, "attempt": 1, "err": ""}
{"id": "pic/item/rose", "ok": true, "sec": 52.2, "attempt": 1, "err": ""}
{"id": "pic/item/cinnamon", "ok": true, "sec": 53.9, "attempt": 1, "err": ""}
{"id": "pic/item/honey", "ok": true, "sec": 48.4, "attempt": 1, "err": ""}
{"id": "pic/item/lavender", "ok": true, "sec": 53.5, "attempt": 1, "err": ""}
{"id": "pic/item/orange", "ok": true, "sec": 48.5, "attempt": 1, "err": ""}
{"id": "pic/item/banana", "ok": true, "sec": 45.7, "attempt": 1, "err": ""}
{"id": "pic/item/seaweed", "ok": true, "sec": 55.9, "attempt": 1, "err": ""}
{"id": "pic/gift/red_tube", "ok": true, "sec": 50.6, "attempt": 1, "err": ""}
{"id": "pic/gift/duck_float", "ok": true, "sec": 56.1, "attempt": 1, "err": ""}
{"id": "pic/gift/blue_orca", "ok": true, "sec": 54.9, "attempt": 1, "err": ""}
{"id": "pic/gift/school_swimsuit", "ok": true, "sec": 44.6, "attempt": 1, "err": ""}
{"id": "pic/gift/striped_swimsuit", "ok": true, "sec": 64.7, "attempt": 1, "err": ""}
{"id": "pic/gift/retro_swimsuit", "ok": true, "sec": 43.7, "attempt": 1, "err": ""}
{"id": "pic/gift/flower_pants", "ok": true, "sec": 52.6, "attempt": 1, "err": ""}
{"id": "pic/gift/kayak_float", "ok": true, "sec": 49.2, "attempt": 1, "err": ""}
{"id": "pic/gift/kairo_float", "ok": true, "sec": 57.5, "attempt": 1, "err": ""}
{"id": "pic/gift/donut_float", "ok": true, "sec": 46.8, "attempt": 1, "err": ""}
{"id": "pic/gift/banana_float", "ok": true, "sec": 51.2, "attempt": 1, "err": ""}
{"id": "pic/gift/river_orca", "ok": true, "sec": 52.0, "attempt": 1, "err": ""}
{"id": "pic/gift/hammock", "ok": true, "sec": 51.4, "attempt": 1, "err": ""}
{"id": "pic/gift/watermelon_float", "ok": true, "sec": 68.0, "attempt": 1, "err": ""}
{"id": "pic/gift/flamingo_float", "ok": true, "sec": 52.2, "attempt": 1, "err": ""}
{"id": "pic/gift/shell_float", "ok": true, "sec": 52.5, "attempt": 1, "err": ""}
{"id": "pic/gift/dreaming_orca", "ok": true, "sec": 55.6, "attempt": 1, "err": ""}
{"id": "pic/band/vest_only", "ok": true, "sec": 47.4, "attempt": 1, "err": ""}
{"id": "pic/gift/swim_ring", "ok": true, "sec": 68.9, "attempt": 1, "err": ""}
{"id": "pic/band/big3", "ok": true, "sec": 45.8, "attempt": 1, "err": ""}
{"id": "pic/band/big5", "ok": true, "sec": 46.1, "attempt": 1, "err": ""}
{"id": "pic/band/allday", "ok": true, "sec": 49.3, "attempt": 1, "err": ""}
{"id": "pic/part/jet_pump", "ok": true, "sec": 52.2, "attempt": 1, "err": ""}
{"id": "pic/part/motor_turbo", "ok": true, "sec": 56.5, "attempt": 1, "err": ""}
{"id": "pic/part/motor_electric", "ok": true, "sec": 62.7, "attempt": 1, "err": ""}
{"id": "pic/part/motor_outboard", "ok": true, "sec": 71.9, "attempt": 1, "err": ""}
{"id": "pic/part/engine_twin", "ok": true, "sec": 50.8, "attempt": 1, "err": ""}
{"id": "pic/part/tube_round", "ok": true, "sec": 51.4, "attempt": 1, "err": ""}
{"id": "pic/part/tube_small", "ok": true, "sec": 69.4, "attempt": 1, "err": ""}
{"id": "pic/part/tube_donut", "ok": true, "sec": 78.7, "attempt": 1, "err": ""}
{"id": "pic/part/honey_cell", "ok": true, "sec": 55.0, "attempt": 1, "err": ""}
{"id": "pic/part/air_chamber", "ok": true, "sec": 50.6, "attempt": 1, "err": ""}
{"id": "pic/part/tube_giant", "ok": true, "sec": 48.7, "attempt": 1, "err": ""}
{"id": "pic/part/rope_nylon", "ok": true, "sec": 49.6, "attempt": 1, "err": ""}
{"id": "pic/part/rope_steel", "ok": true, "sec": 48.8, "attempt": 1, "err": ""}
{"id": "pic/part/rope_bungee", "ok": true, "sec": 50.4, "attempt": 1, "err": ""}
{"id": "pic/part/rope_kevlar", "ok": true, "sec": 50.9, "attempt": 1, "err": ""}
{"id": "pic/part/grip_handle", "ok": true, "sec": 48.8, "attempt": 1, "err": ""}
{"id": "pic/part/bar_handle", "ok": true, "sec": 48.7, "attempt": 1, "err": ""}
{"id": "pic/part/twin_bar", "ok": true, "sec": 48.3, "attempt": 1, "err": ""}
{"id": "pic/part/wing_grip", "ok": true, "sec": 73.3, "attempt": 1, "err": ""}
{"id": "pic/part/seat_cushion", "ok": true, "sec": 47.0, "attempt": 1, "err": ""}
{"id": "pic/part/seat_bucket", "ok": true, "sec": 50.0, "attempt": 1, "err": ""}
{"id": "pic/part/power_grip", "ok": true, "sec": 78.7, "attempt": 1, "err": ""}
{"id": "pic/part/seat_bench", "ok": true, "sec": 53.4, "attempt": 1, "err": ""}
{"id": "pic/part/foot_strap", "ok": true, "sec": 46.2, "attempt": 1, "err": ""}
{"id": "pic/part/seat_sling", "ok": true, "sec": 78.7, "attempt": 1, "err": ""}
{"id": "pic/part/safety_bar", "ok": true, "sec": 50.8, "attempt": 1, "err": ""}
{"id": "pic/part/life_strap", "ok": true, "sec": 75.8, "attempt": 1, "err": ""}
{"id": "pic/part/harness_belt", "ok": true, "sec": 51.8, "attempt": 1, "err": ""}
{"id": "pic/part/airbag_pad", "ok": true, "sec": 52.9, "attempt": 1, "err": ""}
{"id": "pic/part/fin_plate", "ok": true, "sec": 58.5, "attempt": 1, "err": ""}
{"id": "pic/part/deck_board", "ok": true, "sec": 56.2, "attempt": 1, "err": ""}
{"id": "pic/part/keel_fin", "ok": true, "sec": 44.7, "attempt": 1, "err": ""}
{"id": "pic/part/ski_blade", "ok": true, "sec": 48.4, "attempt": 1, "err": ""}
{"id": "pic/part/carbon_deck", "ok": true, "sec": 44.0, "attempt": 1, "err": ""}
{"id": "pic/part/hydro_wing", "ok": true, "sec": 53.2, "attempt": 1, "err": ""}
{"id": "pic/part/flag_small", "ok": true, "sec": 46.9, "attempt": 1, "err": ""}
{"id": "pic/part/water_gun", "ok": true, "sec": 57.8, "attempt": 1, "err": ""}
{"id": "pic/part/led_strip", "ok": true, "sec": 47.1, "attempt": 1, "err": ""}
{"id": "pic/part/speaker_box", "ok": true, "sec": 46.9, "attempt": 1, "err": ""}
{"id": "pic/part/bubble_maker", "ok": true, "sec": 53.5, "attempt": 1, "err": ""}
{"id": "pic/part/mirror_ball", "ok": true, "sec": 65.3, "attempt": 1, "err": ""}
{"id": "pic/campaign/tv", "ok": true, "sec": 59.0, "attempt": 1, "err": ""}
{"id": "pic/portrait/president_calm", "ok": true, "sec": 89.2, "attempt": 1, "err": ""}
{"id": "pic/campaign/flyer", "ok": true, "sec": 94.1, "attempt": 1, "err": ""}
{"id": "pic/campaign/bus", "ok": true, "sec": 101.0, "attempt": 1, "err": ""}
{"id": "pic/portrait/president_happy", "ok": true, "sec": 58.9, "attempt": 1, "err": ""}
{"id": "pic/portrait/nana_happy", "ok": true, "sec": 49.1, "attempt": 1, "err": ""}
{"id": "pic/portrait/nana_calm", "ok": true, "sec": 67.5, "attempt": 1, "err": ""}
{"id": "pic/portrait/judge_calm", "ok": true, "sec": 57.9, "attempt": 1, "err": ""}
{"id": "pic/portrait/judge_happy", "ok": true, "sec": 81.1, "attempt": 1, "err": ""}
{"id": "pic/portrait/coastguard_calm", "ok": true, "sec": 58.9, "attempt": 1, "err": ""}
{"id": "pic/portrait/coastguard_happy", "ok": true, "sec": 66.6, "attempt": 1, "err": ""}
{"id": "pic/portrait/youtuber_calm", "ok": true, "sec": 64.7, "attempt": 1, "err": ""}
{"id": "pic/scene/cook", "ok": true, "sec": 55.7, "attempt": 1, "err": ""}
{"id": "pic/portrait/youtuber_happy", "ok": true, "sec": 68.2, "attempt": 1, "err": ""}
{"id": "pic/scene/letter", "ok": true, "sec": 50.0, "attempt": 1, "err": ""}
{"id": "pic/scene/item", "ok": true, "sec": 51.4, "attempt": 1, "err": ""}
{"id": "pic/scene/convert", "ok": true, "sec": 47.7, "attempt": 1, "err": ""}
